Archive member included to satisfy reference by file (symbol)

c:/st/stm32cubeide_1.6.0/stm32cubeide/plugins/com.st.stm32cube.ide.mcu.externaltools.gnu-tools-for-stm32.9-2020-q2-update.win32_1.5.0.202011040924/tools/bin/../lib/gcc/arm-none-eabi/9.3.1/../../../../arm-none-eabi/lib/thumb/v7e-m+fp/hard\libc_nano.a(lib_a-exit.o)
                              c:/st/stm32cubeide_1.6.0/stm32cubeide/plugins/com.st.stm32cube.ide.mcu.externaltools.gnu-tools-for-stm32.9-2020-q2-update.win32_1.5.0.202011040924/tools/bin/../lib/gcc/arm-none-eabi/9.3.1/../../../../arm-none-eabi/lib/thumb/v7e-m+fp/hard/crt0.o (exit)
c:/st/stm32cubeide_1.6.0/stm32cubeide/plugins/com.st.stm32cube.ide.mcu.externaltools.gnu-tools-for-stm32.9-2020-q2-update.win32_1.5.0.202011040924/tools/bin/../lib/gcc/arm-none-eabi/9.3.1/../../../../arm-none-eabi/lib/thumb/v7e-m+fp/hard\libc_nano.a(lib_a-impure.o)
                              c:/st/stm32cubeide_1.6.0/stm32cubeide/plugins/com.st.stm32cube.ide.mcu.externaltools.gnu-tools-for-stm32.9-2020-q2-update.win32_1.5.0.202011040924/tools/bin/../lib/gcc/arm-none-eabi/9.3.1/../../../../arm-none-eabi/lib/thumb/v7e-m+fp/hard\libc_nano.a(lib_a-exit.o) (_global_impure_ptr)
c:/st/stm32cubeide_1.6.0/stm32cubeide/plugins/com.st.stm32cube.ide.mcu.externaltools.gnu-tools-for-stm32.9-2020-q2-update.win32_1.5.0.202011040924/tools/bin/../lib/gcc/arm-none-eabi/9.3.1/../../../../arm-none-eabi/lib/thumb/v7e-m+fp/hard\libc_nano.a(lib_a-init.o)
                              c:/st/stm32cubeide_1.6.0/stm32cubeide/plugins/com.st.stm32cube.ide.mcu.externaltools.gnu-tools-for-stm32.9-2020-q2-update.win32_1.5.0.202011040924/tools/bin/../lib/gcc/arm-none-eabi/9.3.1/../../../../arm-none-eabi/lib/thumb/v7e-m+fp/hard/crt0.o (__libc_init_array)
c:/st/stm32cubeide_1.6.0/stm32cubeide/plugins/com.st.stm32cube.ide.mcu.externaltools.gnu-tools-for-stm32.9-2020-q2-update.win32_1.5.0.202011040924/tools/bin/../lib/gcc/arm-none-eabi/9.3.1/../../../../arm-none-eabi/lib/thumb/v7e-m+fp/hard\libc_nano.a(lib_a-memset.o)
                              c:/st/stm32cubeide_1.6.0/stm32cubeide/plugins/com.st.stm32cube.ide.mcu.externaltools.gnu-tools-for-stm32.9-2020-q2-update.win32_1.5.0.202011040924/tools/bin/../lib/gcc/arm-none-eabi/9.3.1/../../../../arm-none-eabi/lib/thumb/v7e-m+fp/hard/crt0.o (memset)
c:/st/stm32cubeide_1.6.0/stm32cubeide/plugins/com.st.stm32cube.ide.mcu.externaltools.gnu-tools-for-stm32.9-2020-q2-update.win32_1.5.0.202011040924/tools/bin/../lib/gcc/arm-none-eabi/9.3.1/thumb/v7e-m+fp/hard\libgcc.a(_aeabi_uldivmod.o)
                              Drivers/STM32F4xx_HAL_Driver/stm32f4xx_hal_rcc.o (__aeabi_uldivmod)
c:/st/stm32cubeide_1.6.0/stm32cubeide/plugins/com.st.stm32cube.ide.mcu.externaltools.gnu-tools-for-stm32.9-2020-q2-update.win32_1.5.0.202011040924/tools/bin/../lib/gcc/arm-none-eabi/9.3.1/thumb/v7e-m+fp/hard\libgcc.a(_udivmoddi4.o)
                              c:/st/stm32cubeide_1.6.0/stm32cubeide/plugins/com.st.stm32cube.ide.mcu.externaltools.gnu-tools-for-stm32.9-2020-q2-update.win32_1.5.0.202011040924/tools/bin/../lib/gcc/arm-none-eabi/9.3.1/thumb/v7e-m+fp/hard\libgcc.a(_aeabi_uldivmod.o) (__udivmoddi4)
c:/st/stm32cubeide_1.6.0/stm32cubeide/plugins/com.st.stm32cube.ide.mcu.externaltools.gnu-tools-for-stm32.9-2020-q2-update.win32_1.5.0.202011040924/tools/bin/../lib/gcc/arm-none-eabi/9.3.1/thumb/v7e-m+fp/hard\libgcc.a(_dvmd_tls.o)
                              c:/st/stm32cubeide_1.6.0/stm32cubeide/plugins/com.st.stm32cube.ide.mcu.externaltools.gnu-tools-for-stm32.9-2020-q2-update.win32_1.5.0.202011040924/tools/bin/../lib/gcc/arm-none-eabi/9.3.1/thumb/v7e-m+fp/hard\libgcc.a(_aeabi_uldivmod.o) (__aeabi_ldiv0)
c:/st/stm32cubeide_1.6.0/stm32cubeide/plugins/com.st.stm32cube.ide.mcu.externaltools.gnu-tools-for-stm32.9-2020-q2-update.win32_1.5.0.202011040924/tools/bin/../lib/gcc/arm-none-eabi/9.3.1/../../../../arm-none-eabi/lib/thumb/v7e-m+fp/hard\libnosys.a(_exit.o)
                              c:/st/stm32cubeide_1.6.0/stm32cubeide/plugins/com.st.stm32cube.ide.mcu.externaltools.gnu-tools-for-stm32.9-2020-q2-update.win32_1.5.0.202011040924/tools/bin/../lib/gcc/arm-none-eabi/9.3.1/../../../../arm-none-eabi/lib/thumb/v7e-m+fp/hard\libc_nano.a(lib_a-exit.o) (_exit)

Allocating common symbols
Common symbol       size              file

hTimPwm1            0x3c              Drivers/BSP/STM32F4xx-Nucleo/x_nucleo_ihm01a1_stm32f4xx.o
uwTick              0x4               Drivers/STM32F4xx_HAL_Driver/stm32f4xx_hal.o
pFlash              0x20              Drivers/STM32F4xx_HAL_Driver/stm32f4xx_hal_flash.o
hTimPwm3            0x3c              Drivers/BSP/STM32F4xx-Nucleo/x_nucleo_ihm01a1_stm32f4xx.o
hTimPwm2            0x3c              Drivers/BSP/STM32F4xx-Nucleo/x_nucleo_ihm01a1_stm32f4xx.o
devicePrm           0x78              Drivers/BSP/Components/l6474/l6474.o
errorHandlerCallback
                    0x4               Drivers/BSP/Components/l6474/l6474.o
flagInterruptCallback
[...]
Memory Configuration

Name             Origin             Length             Attributes
FLASH            0x0000000008000000 0x0000000000080000 xr
RAM              0x0000000020000000 0x0000000000018000 xrw
*default*        0x0000000000000000 0xffffffffffffffff

Linker script and memory map

LOAD c:/st/stm32cubeide_1.6.0/stm32cubeide/plugins/com.st.stm32cube.ide.mcu.externaltools.gnu-tools-for-stm32.9-2020-q2-update.win32_1.5.0.202011040924/tools/bin/../lib/gcc/arm-none-eabi/9.3.1/thumb/v7e-m+fp/hard/crti.o
LOAD c:/st/stm32cubeide_1.6.0/stm32cubeide/plugins/com.st.stm32cube.ide.mcu.externaltools.gnu-tools-for-stm32.9-2020-q2-update.win32_1.5.0.202011040924/tools/bin/../lib/gcc/arm-none-eabi/9.3.1/thumb/v7e-m+fp/hard/crtbegin.o
LOAD c:/st/stm32cubeide_1.6.0/stm32cubeide/plugins/com.st.stm32cube.ide.mcu.externaltools.gnu-tools-for-stm32.9-2020-q2-update.win32_1.5.0.202011040924/tools/bin/../lib/gcc/arm-none-eabi/9.3.1/../../../../arm-none-eabi/lib/thumb/v7e-m+fp/hard/crt0.o
LOAD Drivers/BSP/Components/l6474/l6474.o
LOAD Drivers/BSP/STM32F4xx-Nucleo/stm32f4xx_nucleo.o
LOAD Drivers/BSP/STM32F4xx-Nucleo/x_nucleo_ihm01a1_stm32f4xx.o
LOAD Drivers/BSP/X-NUCLEO-IHMxx/x_nucleo_ihmxx.o
LOAD Drivers/CMSIS/system_stm32f4xx.o
LOAD Drivers/STM32F4xx_HAL_Driver/stm32f4xx_hal.o
LOAD Drivers/STM32F4xx_HAL_Driver/stm32f4xx_hal_cortex.o
LOAD Drivers/STM32F4xx_HAL_Driver/stm32f4xx_hal_flash.o
LOAD Drivers/STM32F4xx_HAL_Driver/stm32f4xx_hal_flash_ex.o
LOAD Drivers/STM32F4xx_HAL_Driver/stm32f4xx_hal_gpio.o
LOAD Drivers/STM32F4xx_HAL_Driver/stm32f4xx_hal_rcc.o
LOAD Drivers/STM32F4xx_HAL_Driver/stm32f4xx_hal_rcc_ex.o
LOAD Drivers/STM32F4xx_HAL_Driver/stm32f4xx_hal_spi.o
LOAD Drivers/STM32F4xx_HAL_Driver/stm32f4xx_hal_tim.o
LOAD Drivers/STM32F4xx_HAL_Driver/stm32f4xx_hal_tim_ex.o
LOAD Example/User/clock_f4.o
LOAD Example/User/main.o
LOAD Example/User/stm32f4xx_hal_msp.o
LOAD Example/User/stm32f4xx_it.o
LOAD startup/startup_stm32f401xe.o
START GROUP
LOAD c:/st/stm32cubeide_1.6.0/stm32cubeide/plugins/com.st.stm32cube.ide.mcu.externaltools.gnu-tools-for-stm32.9-2020-q2-update.win32_1.5.0.202011040924/tools/bin/../lib/gcc/arm-none-eabi/9.3.1/../../../../arm-none-eabi/lib/thumb/v7e-m+fp/hard\libc_nano.a
LOAD c:/st/stm32cubeide_1.6.0/stm32cubeide/plugins/com.st.stm32cube.ide.mcu.externaltools.gnu-tools-for-stm32.9-2020-q2-update.win32_1.5.0.202011040924/tools/bin/../lib/gcc/arm-none-eabi/9.3.1/../../../../arm-none-eabi/lib/thumb/v7e-m+fp/hard\libm.a
END GROUP
START GROUP
LOAD c:/st/stm32cubeide_1.6.0/stm32cubeide/plugins/com.st.stm32cube.ide.mcu.externaltools.gnu-tools-for-stm32.9-2020-q2-update.win32_1.5.0.202011040924/tools/bin/../lib/gcc/arm-none-eabi/9.3.1/thumb/v7e-m+fp/hard\libgcc.a
LOAD c:/st/stm32cubeide_1.6.0/stm32cubeide/plugins/com.st.stm32cube.ide.mcu.externaltools.gnu-tools-for-stm32.9-2020-q2-update.win32_1.5.0.202011040924/tools/bin/../lib/gcc/arm-none-eabi/9.3.1/../../../../arm-none-eabi/lib/thumb/v7e-m+fp/hard\libc_nano.a
END GROUP
START GROUP
LOAD c:/st/stm32cubeide_1.6.0/stm32cubeide/plugins/com.st.stm32cube.ide.mcu.externaltools.gnu-tools-for-stm32.9-2020-q2-update.win32_1.5.0.202011040924/tools/bin/../lib/gcc/arm-none-eabi/9.3.1/thumb/v7e-m+fp/hard\libgcc.a
LOAD c:/st/stm32cubeide_1.6.0/stm32cubeide/plugins/com.st.stm32cube.ide.mcu.externaltools.gnu-tools-for-stm32.9-2020-q2-update.win32_1.5.0.202011040924/tools/bin/../lib/gcc/arm-none-eabi/9.3.1/../../../../arm-none-eabi/lib/thumb/v7e-m+fp/hard\libc_nano.a
LOAD c:/st/stm32cubeide_1.6.0/stm32cubeide/plugins/com.st.stm32cube.ide.mcu.externaltools.gnu-tools-for-stm32.9-2020-q2-update.win32_1.5.0.202011040924/tools/bin/../lib/gcc/arm-none-eabi/9.3.1/../../../../arm-none-eabi/lib/thumb/v7e-m+fp/hard\libnosys.a
END GROUP
START GROUP
LOAD c:/st/stm32cubeide_1.6.0/stm32cubeide/plugins/com.st.stm32cube.ide.mcu.externaltools.gnu-tools-for-stm32.9-2020-q2-update.win32_1.5.0.202011040924/tools/bin/../lib/gcc/arm-none-eabi/9.3.1/thumb/v7e-m+fp/hard\libgcc.a
LOAD c:/st/stm32cubeide_1.6.0/stm32cubeide/plugins/com.st.stm32cube.ide.mcu.externaltools.gnu-tools-for-stm32.9-2020-q2-update.win32_1.5.0.202011040924/tools/bin/../lib/gcc/arm-none-eabi/9.3.1/../../../../arm-none-eabi/lib/thumb/v7e-m+fp/hard\libc_nano.a
LOAD c:/st/stm32cubeide_1.6.0/stm32cubeide/plugins/com.st.stm32cube.ide.mcu.externaltools.gnu-tools-for-stm32.9-2020-q2-update.win32_1.5.0.202011040924/tools/bin/../lib/gcc/arm-none-eabi/9.3.1/../../../../arm-none-eabi/lib/thumb/v7e-m+fp/hard\libnosys.a
END GROUP
LOAD c:/st/stm32cubeide_1.6.0/stm32cubeide/plugins/com.st.stm32cube.ide.mcu.externaltools.gnu-tools-for-stm32.9-2020-q2-update.win32_1.5.0.202011040924/tools/bin/../lib/gcc/arm-none-eabi/9.3.1/thumb/v7e-m+fp/hard/crtend.o
LOAD c:/st/stm32cubeide_1.6.0/stm32cubeide/plugins/com.st.stm32cube.ide.mcu.externaltools.gnu-tools-for-stm32.9-2020-q2-update.win32_1.5.0.202011040924/tools/bin/../lib/gcc/arm-none-eabi/9.3.1/thumb/v7e-m+fp/hard/crtn.o
                0x0000000020018000                _estack = 0x20018000
                0x0000000000000200                _Min_Heap_Size = 0x200
                0x0000000000000400                _Min_Stack_Size = 0x400

.isr_vector     0x0000000008000000      0x194
                0x0000000008000000                . = ALIGN (0x4)
 *(.isr_vector)
 .isr_vector    0x0000000008000000      0x194 startup/startup_stm32f401xe.o
                0x0000000008000000                g_pfnVectors
                0x0000000008000194                . = ALIGN (0x4)

.text           0x0000000008000194     0x5de0
                0x0000000008000194                . = ALIGN (0x4)
 *(.text)
 .text          0x0000000008000194       0x40 c:/st/stm32cubeide_1.6.0/stm32cubeide/plugins/com.st.stm32cube.ide.mcu.externaltools.gnu-tools-for-stm32.9-2020-q2-update.win32_1.5.0.202011040924/tools/bin/../lib/gcc/arm-none-eabi/9.3.1/thumb/v7e-m+fp/hard/crtbegin.o
 .text          0x00000000080001d4       0x30 c:/st/stm32cubeide_1.6.0/stm32cubeide/plugins/com.st.stm32cube.ide.mcu.externaltools.gnu-tools-for-stm32.9-2020-q2-update.win32_1.5.0.202011040924/tools/bin/../lib/gcc/arm-none-eabi/9.3.1/thumb/v7e-m+fp/hard\libgcc.a(_aeabi_uldivmod.o)
                0x00000000080001d4                __aeabi_uldivmod
 .text          0x0000000008000204      0x2c4 c:/st/stm32cubeide_1.6.0/stm32cubeide/plugins/com.st.stm32cube.ide.mcu.externaltools.gnu-tools-for-stm32.9-2020-q2-update.win32_1.5.0.202011040924/tools/bin/../lib/gcc/arm-none-eabi/9.3.1/thumb/v7e-m+fp/hard\libgcc.a(_udivmoddi4.o)
                0x0000000008000204                __udivmoddi4
 .text          0x00000000080004c8        0x4 c:/st/stm32cubeide_1.6.0/stm32cubeide/plugins/com.st.stm32cube.ide.mcu.externaltools.gnu-tools-for-stm32.9-2020-q2-update.win32_1.5.0.202011040924/tools/bin/../lib/gcc/arm-none-eabi/9.3.1/thumb/v7e-m+fp/hard\libgcc.a(_dvmd_tls.o)
                0x00000000080004c8                __aeabi_idiv0
                0x00000000080004c8                __aeabi_ldiv0
 *(.text*)
 .text.L6474_AttachErrorHandler
                0x00000000080004cc       0x20 Drivers/BSP/Components/l6474/l6474.o
                0x00000000080004cc                L6474_AttachErrorHandler
 .text.L6474_AttachFlagInterrupt
                0x00000000080004ec       0x20 Drivers/BSP/Components/l6474/l6474.o
                0x00000000080004ec                L6474_AttachFlagInterrupt
 .text.L6474_CmdDisable
                0x000000000800050c       0x1c Drivers/BSP/Components/l6474/l6474.o
                0x000000000800050c                L6474_CmdDisable
 .text.L6474_CmdEnable
                0x0000000008000528       0x1c Drivers/BSP/Components/l6474/l6474.o
                0x0000000008000528                L6474_CmdEnable
 .text.L6474_CmdGetParam
                0x0000000008000544      0x1e8 Drivers/BSP/Components/l6474/l6474.o
                0x0000000008000544                L6474_CmdGetParam
 .text.L6474_CmdGetStatus
                0x000000000800072c      0x10c Drivers/BSP/Components/l6474/l6474.o
                0x000000000800072c                L6474_CmdGetStatus
 .text.L6474_CmdNop
                0x0000000008000838       0x1c Drivers/BSP/Components/l6474/l6474.o
                0x0000000008000838                L6474_CmdNop
 .text.L6474_CmdSetParam
                0x0000000008000854      0x1c8 Drivers/BSP/Components/l6474/l6474.o
                0x0000000008000854                L6474_CmdSetParam
 .text.L6474_Init
                0x0000000008000a1c       0x98 Drivers/BSP/Components/l6474/l6474.o
                0x0000000008000a1c                L6474_Init
 .text.L6474_GetAcceleration
                0x0000000008000ab4       0x30 Drivers/BSP/Components/l6474/l6474.o
                0x0000000008000ab4                L6474_GetAcceleration
 .text.L6474_GetAnalogValue
                0x0000000008000ae4       0xd8 Drivers/BSP/Components/l6474/l6474.o
                0x0000000008000ae4                L6474_GetAnalogValue
 .text.L6474_GetCurrentSpeed
                0x0000000008000bbc       0x30 Drivers/BSP/Components/l6474/l6474.o
                0x0000000008000bbc                L6474_GetCurrentSpeed
 .text.L6474_GetDeceleration
                0x0000000008000bec       0x30 Drivers/BSP/Components/l6474/l6474.o
                0x0000000008000bec                L6474_GetDeceleration
 .text.L6474_GetDeviceState
                0x0000000008000c1c       0x30 Drivers/BSP/Components/l6474/l6474.o
                0x0000000008000c1c                L6474_GetDeviceState
 .text.L6474_GetDirection
                0x0000000008000c4c       0x30 Drivers/BSP/Components/l6474/l6474.o
                0x0000000008000c4c                L6474_GetDirection
 .text.L6474_GetFwVersion
                0x0000000008000c7c       0x12 Drivers/BSP/Components/l6474/l6474.o
                0x0000000008000c7c                L6474_GetFwVersion
 *fill*         0x0000000008000c8e        0x2 
 .text.L6474_GetMotorHandle
                0x0000000008000c90       0x14 Drivers/BSP/Components/l6474/l6474.o
                0x0000000008000c90                L6474_GetMotorHandle
 .text.L6474_GetMark
                0x0000000008000ca4       0x26 Drivers/BSP/Components/l6474/l6474.o
                0x0000000008000ca4                L6474_GetMark
 *fill*         0x0000000008000cca        0x2 
 .text.L6474_GetMaxSpeed
                0x0000000008000ccc       0x30 Drivers/BSP/Components/l6474/l6474.o
                0x0000000008000ccc                L6474_GetMaxSpeed
 .text.L6474_GetMinSpeed
                0x0000000008000cfc       0x30 Drivers/BSP/Components/l6474/l6474.o
                0x0000000008000cfc                L6474_GetMinSpeed
 .text.L6474_GetNbDevices
                0x0000000008000d2c       0x18 Drivers/BSP/Components/l6474/l6474.o
                0x0000000008000d2c                L6474_GetNbDevices
 .text.L6474_GetPosition
                0x0000000008000d44       0x26 Drivers/BSP/Components/l6474/l6474.o
                0x0000000008000d44                L6474_GetPosition
 *fill*         0x0000000008000d6a        0x2 
 .text.L6474_GetStepMode
                0x0000000008000d6c       0x78 Drivers/BSP/Components/l6474/l6474.o
                0x0000000008000d6c                L6474_GetStepMode
 .text.L6474_GetStopMode
                0x0000000008000de4       0x30 Drivers/BSP/Components/l6474/l6474.o
                0x0000000008000de4                L6474_GetStopMode
 .text.L6474_GoHome
                0x0000000008000e14       0x1c Drivers/BSP/Components/l6474/l6474.o
                0x0000000008000e14                L6474_GoHome
 .text.L6474_GoMark
                0x0000000008000e30       0x34 Drivers/BSP/Components/l6474/l6474.o
                0x0000000008000e30                L6474_GoMark
 .text.L6474_GoTo
                0x0000000008000e64       0xfc Drivers/BSP/Components/l6474/l6474.o
                0x0000000008000e64                L6474_GoTo
 .text.L6474_HardStop
                0x0000000008000f60       0x94 Drivers/BSP/Components/l6474/l6474.o
                0x0000000008000f60                L6474_HardStop
 .text.L6474_HizStop
                0x0000000008000ff4       0x78 Drivers/BSP/Components/l6474/l6474.o
                0x0000000008000ff4                L6474_HizStop
 .text.L6474_Move
                0x000000000800106c       0xb0 Drivers/BSP/Components/l6474/l6474.o
                0x000000000800106c                L6474_Move
 .text.L6474_ReadId
                0x000000000800111c       0x18 Drivers/BSP/Components/l6474/l6474.o
                0x000000000800111c                L6474_ReadId
 .text.L6474_ReadStatusRegister
                0x0000000008001134       0x20 Drivers/BSP/Components/l6474/l6474.o
                0x0000000008001134                L6474_ReadStatusRegister
 .text.L6474_ReleaseReset
                0x0000000008001154       0x1a Drivers/BSP/Components/l6474/l6474.o
                0x0000000008001154                L6474_ReleaseReset
 .text.L6474_Reset
                0x000000000800116e       0x1a Drivers/BSP/Components/l6474/l6474.o
                0x000000000800116e                L6474_Reset
 .text.L6474_ResetAllDevices
                0x0000000008001188       0x50 Drivers/BSP/Components/l6474/l6474.o
                0x0000000008001188                L6474_ResetAllDevices
 .text.L6474_Run
                0x00000000080011d8       0x64 Drivers/BSP/Components/l6474/l6474.o
                0x00000000080011d8                L6474_Run
 .text.L6474_SelectStepMode
                0x000000000800123c       0x90 Drivers/BSP/Components/l6474/l6474.o
                0x000000000800123c                L6474_SelectStepMode
 .text.L6474_SetAcceleration
                0x00000000080012cc       0x74 Drivers/BSP/Components/l6474/l6474.o
                0x00000000080012cc                L6474_SetAcceleration
 .text.L6474_SetAnalogValue
                0x0000000008001340      0x20c Drivers/BSP/Components/l6474/l6474.o
                0x0000000008001340                L6474_SetAnalogValue
 .text.L6474_SetDeceleration
                0x000000000800154c       0x74 Drivers/BSP/Components/l6474/l6474.o
                0x000000000800154c                L6474_SetDeceleration
 .text.L6474_SetDirection
                0x00000000080015c0       0x54 Drivers/BSP/Components/l6474/l6474.o
                0x00000000080015c0                L6474_SetDirection
 .text.L6474_SetHome
                0x0000000008001614       0x56 Drivers/BSP/Components/l6474/l6474.o
                0x0000000008001614                L6474_SetHome
 *fill*         0x000000000800166a        0x2 
 .text.L6474_SetNbDevices
                0x000000000800166c       0x38 Drivers/BSP/Components/l6474/l6474.o
                0x000000000800166c                L6474_SetNbDevices
 .text.L6474_SetMark
                0x00000000080016a4       0x3c Drivers/BSP/Components/l6474/l6474.o
                0x00000000080016a4                L6474_SetMark
 .text.L6474_SetMaxSpeed
                0x00000000080016e0       0x98 Drivers/BSP/Components/l6474/l6474.o
                0x00000000080016e0                L6474_SetMaxSpeed
 .text.L6474_SetMinSpeed
                0x0000000008001778       0x98 Drivers/BSP/Components/l6474/l6474.o
                0x0000000008001778                L6474_SetMinSpeed
 .text.L6474_SetStopMode
                0x0000000008001810       0x34 Drivers/BSP/Components/l6474/l6474.o
                0x0000000008001810                L6474_SetStopMode
 .text.L6474_SoftStop
                0x0000000008001844       0x50 Drivers/BSP/Components/l6474/l6474.o
                0x0000000008001844                L6474_SoftStop
 .text.L6474_WaitWhileActive
                0x0000000008001894       0x24 Drivers/BSP/Components/l6474/l6474.o
                0x0000000008001894                L6474_WaitWhileActive
 .text.L6474_ApplySpeed
                0x00000000080018b8       0x80 Drivers/BSP/Components/l6474/l6474.o
                0x00000000080018b8                L6474_ApplySpeed
 .text.L6474_ComputeSpeedProfile
                0x0000000008001938      0x17c Drivers/BSP/Components/l6474/l6474.o
                0x0000000008001938                L6474_ComputeSpeedProfile
 .text.L6474_ConvertPosition
                0x0000000008001ab4       0x40 Drivers/BSP/Components/l6474/l6474.o
                0x0000000008001ab4                L6474_ConvertPosition
 .text.L6474_ErrorHandler
                0x0000000008001af4       0x2c Drivers/BSP/Components/l6474/l6474.o
                0x0000000008001af4                L6474_ErrorHandler
 .text.L6474_FlagInterruptHandler
                0x0000000008001b20       0x2c Drivers/BSP/Components/l6474/l6474.o
                0x0000000008001b20                L6474_FlagInterruptHandler
 .text.L6474_SendCommand
                0x0000000008001b4c       0xa4 Drivers/BSP/Components/l6474/l6474.o
                0x0000000008001b4c                L6474_SendCommand
 .text.L6474_SetDeviceParamsToGivenValues
                0x0000000008001bf0      0x148 Drivers/BSP/Components/l6474/l6474.o
                0x0000000008001bf0                L6474_SetDeviceParamsToGivenValues
 .text.L6474_SetDeviceParamsToPredefinedValues
                0x0000000008001d38      0x138 Drivers/BSP/Components/l6474/l6474.o
                0x0000000008001d38                L6474_SetDeviceParamsToPredefinedValues
 .text.L6474_SetRegisterToGivenValues
                0x0000000008001e70       0xf6 Drivers/BSP/Components/l6474/l6474.o
                0x0000000008001e70                L6474_SetRegisterToGivenValues
 *fill*         0x0000000008001f66        0x2 
 .text.L6474_SetRegisterToPredefinedValues
                0x0000000008001f68      0x1f8 Drivers/BSP/Components/l6474/l6474.o
                0x0000000008001f68                L6474_SetRegisterToPredefinedValues
 .text.L6474_StartMovement
                0x0000000008002160       0xa4 Drivers/BSP/Components/l6474/l6474.o
                0x0000000008002160                L6474_StartMovement
 .text.L6474_StepClockHandler
                0x0000000008002204      0x5c0 Drivers/BSP/Components/l6474/l6474.o
                0x0000000008002204                L6474_StepClockHandler
 .text.L6474_Ocd_Th_to_Par
                0x00000000080027c4       0x48 Drivers/BSP/Components/l6474/l6474.o
                0x00000000080027c4                L6474_Ocd_Th_to_Par
 .text.L6474_Ocd_Par_to_Th
                0x000000000800280c       0x30 Drivers/BSP/Components/l6474/l6474.o
                0x000000000800280c                L6474_Ocd_Par_to_Th
 .text.L6474_Tval_Current_to_Par
                0x000000000800283c       0x48 Drivers/BSP/Components/l6474/l6474.o
                0x000000000800283c                L6474_Tval_Current_to_Par
 .text.L6474_Tval_Par_to_Current
                0x0000000008002884       0x30 Drivers/BSP/Components/l6474/l6474.o
                0x0000000008002884                L6474_Tval_Par_to_Current
 .text.L6474_Tmin_Par_to_Time
                0x00000000080028b4       0x2c Drivers/BSP/Components/l6474/l6474.o
                0x00000000080028b4                L6474_Tmin_Par_to_Time
 .text.L6474_Tmin_Time_to_Par
                0x00000000080028e0       0x3a Drivers/BSP/Components/l6474/l6474.o
                0x00000000080028e0                L6474_Tmin_Time_to_Par
 *fill*         0x000000000800291a        0x2 
 .text.L6474_WriteBytes
                0x000000000800291c       0x4c Drivers/BSP/Components/l6474/l6474.o
                0x000000000800291c                L6474_WriteBytes
 .text.L6474_Board_Delay
                0x0000000008002968       0x16 Drivers/BSP/STM32F4xx-Nucleo/x_nucleo_ihm01a1_stm32f4xx.o
                0x0000000008002968                L6474_Board_Delay
 .text.L6474_Board_DisableIrq
                0x000000000800297e       0x12 Drivers/BSP/STM32F4xx-Nucleo/x_nucleo_ihm01a1_stm32f4xx.o
                0x000000000800297e                L6474_Board_DisableIrq
 .text.L6474_Board_EnableIrq
                0x0000000008002990       0x12 Drivers/BSP/STM32F4xx-Nucleo/x_nucleo_ihm01a1_stm32f4xx.o
                0x0000000008002990                L6474_Board_EnableIrq
 *fill*         0x00000000080029a2        0x2 
 .text.L6474_Board_GpioInit
                0x00000000080029a4      0x164 Drivers/BSP/STM32F4xx-Nucleo/x_nucleo_ihm01a1_stm32f4xx.o
                0x00000000080029a4                L6474_Board_GpioInit
 .text.L6474_Board_Pwm1SetFreq
                0x0000000008002b08       0x50 Drivers/BSP/STM32F4xx-Nucleo/x_nucleo_ihm01a1_stm32f4xx.o
                0x0000000008002b08                L6474_Board_Pwm1SetFreq
 .text.L6474_Board_Pwm2SetFreq
                0x0000000008002b58       0x50 Drivers/BSP/STM32F4xx-Nucleo/x_nucleo_ihm01a1_stm32f4xx.o
                0x0000000008002b58                L6474_Board_Pwm2SetFreq
 .text.L6474_Board_Pwm3SetFreq
                0x0000000008002ba8       0x50 Drivers/BSP/STM32F4xx-Nucleo/x_nucleo_ihm01a1_stm32f4xx.o
                0x0000000008002ba8                L6474_Board_Pwm3SetFreq
 .text.L6474_Board_PwmInit
                0x0000000008002bf8       0xb0 Drivers/BSP/STM32F4xx-Nucleo/x_nucleo_ihm01a1_stm32f4xx.o
                0x0000000008002bf8                L6474_Board_PwmInit
 .text.L6474_Board_PwmStop
                0x0000000008002ca8       0x54 Drivers/BSP/STM32F4xx-Nucleo/x_nucleo_ihm01a1_stm32f4xx.o
                0x0000000008002ca8                L6474_Board_PwmStop
 .text.L6474_Board_ReleaseReset
                0x0000000008002cfc       0x24 Drivers/BSP/STM32F4xx-Nucleo/x_nucleo_ihm01a1_stm32f4xx.o
                0x0000000008002cfc                L6474_Board_ReleaseReset
 .text.L6474_Board_Reset
                0x0000000008002d20       0x24 Drivers/BSP/STM32F4xx-Nucleo/x_nucleo_ihm01a1_stm32f4xx.o
                0x0000000008002d20                L6474_Board_Reset
 .text.L6474_Board_SetDirectionGpio
                0x0000000008002d44       0x60 Drivers/BSP/STM32F4xx-Nucleo/x_nucleo_ihm01a1_stm32f4xx.o
                0x0000000008002d44                L6474_Board_SetDirectionGpio
 .text.L6474_Board_SpiInit
                0x0000000008002da4       0x70 Drivers/BSP/STM32F4xx-Nucleo/x_nucleo_ihm01a1_stm32f4xx.o
                0x0000000008002da4                L6474_Board_SpiInit
 .text.L6474_Board_SpiWriteBytes
                0x0000000008002e14       0x74 Drivers/BSP/STM32F4xx-Nucleo/x_nucleo_ihm01a1_stm32f4xx.o
                0x0000000008002e14                L6474_Board_SpiWriteBytes
 .text.l647x_GetMotorHandle
                0x0000000008002e88       0x10 Drivers/BSP/X-NUCLEO-IHMxx/x_nucleo_ihmxx.o
                0x0000000008002e88                l647x_GetMotorHandle
 .text.l648x_GetMotorHandle
                0x0000000008002e98       0x10 Drivers/BSP/X-NUCLEO-IHMxx/x_nucleo_ihmxx.o
                0x0000000008002e98                l648x_GetMotorHandle
 .text.Powerstep01_GetMotorHandle
                0x0000000008002ea8       0x10 Drivers/BSP/X-NUCLEO-IHMxx/x_nucleo_ihmxx.o
                0x0000000008002ea8                Powerstep01_GetMotorHandle
 .text.L6206_GetMotorHandle
                0x0000000008002eb8       0x10 Drivers/BSP/X-NUCLEO-IHMxx/x_nucleo_ihmxx.o
                0x0000000008002eb8                L6206_GetMotorHandle
 .text.L6208_GetMotorHandle
                0x0000000008002ec8       0x10 Drivers/BSP/X-NUCLEO-IHMxx/x_nucleo_ihmxx.o
                0x0000000008002ec8                L6208_GetMotorHandle
 .text.Stspin220_GetMotorHandle
                0x0000000008002ed8       0x10 Drivers/BSP/X-NUCLEO-IHMxx/x_nucleo_ihmxx.o
                0x0000000008002ed8                Stspin220_GetMotorHandle
 .text.Stspin240_250_GetMotorHandle
                0x0000000008002ee8       0x10 Drivers/BSP/X-NUCLEO-IHMxx/x_nucleo_ihmxx.o
                0x0000000008002ee8                Stspin240_250_GetMotorHandle
 .text.BSP_MotorControl_AttachErrorHandler
                0x0000000008002ef8       0x3c Drivers/BSP/X-NUCLEO-IHMxx/x_nucleo_ihmxx.o
                0x0000000008002ef8                BSP_MotorControl_AttachErrorHandler
 .text.BSP_MotorControl_AttachFlagInterrupt
                0x0000000008002f34       0x3c Drivers/BSP/X-NUCLEO-IHMxx/x_nucleo_ihmxx.o
                0x0000000008002f34                BSP_MotorControl_AttachFlagInterrupt
 .text.BSP_MotorControl_ErrorHandler
                0x0000000008002f70       0x3c Drivers/BSP/X-NUCLEO-IHMxx/x_nucleo_ihmxx.o
                0x0000000008002f70                BSP_MotorControl_ErrorHandler
 .text.BSP_MotorControl_Init
                0x0000000008002fac       0x40 Drivers/BSP/X-NUCLEO-IHMxx/x_nucleo_ihmxx.o
                0x0000000008002fac                BSP_MotorControl_Init
 .text.BSP_MotorControl_FlagInterruptHandler
                0x0000000008002fec       0x34 Drivers/BSP/X-NUCLEO-IHMxx/x_nucleo_ihmxx.o
                0x0000000008002fec                BSP_MotorControl_FlagInterruptHandler
 .text.BSP_MotorControl_GetCurrentSpeed
                0x0000000008003020       0x48 Drivers/BSP/X-NUCLEO-IHMxx/x_nucleo_ihmxx.o
                0x0000000008003020                BSP_MotorControl_GetCurrentSpeed
 .text.BSP_MotorControl_GetDeviceState
                0x0000000008003068       0x48 Drivers/BSP/X-NUCLEO-IHMxx/x_nucleo_ihmxx.o
                0x0000000008003068                BSP_MotorControl_GetDeviceState
 .text.BSP_MotorControl_GetPosition
                0x00000000080030b0       0x48 Drivers/BSP/X-NUCLEO-IHMxx/x_nucleo_ihmxx.o
                0x00000000080030b0                BSP_MotorControl_GetPosition
 .text.BSP_MotorControl_GoHome
                0x00000000080030f8       0x40 Drivers/BSP/X-NUCLEO-IHMxx/x_nucleo_ihmxx.o
                0x00000000080030f8                BSP_MotorControl_GoHome
 .text.BSP_MotorControl_GoMark
                0x0000000008003138       0x40 Drivers/BSP/X-NUCLEO-IHMxx/x_nucleo_ihmxx.o
                0x0000000008003138                BSP_MotorControl_GoMark
 .text.BSP_MotorControl_GoTo
                0x0000000008003178       0x44 Drivers/BSP/X-NUCLEO-IHMxx/x_nucleo_ihmxx.o
                0x0000000008003178                BSP_MotorControl_GoTo
 .text.BSP_MotorControl_HardStop
                0x00000000080031bc       0x40 Drivers/BSP/X-NUCLEO-IHMxx/x_nucleo_ihmxx.o
                0x00000000080031bc                BSP_MotorControl_HardStop
 .text.BSP_MotorControl_Move
                0x00000000080031fc       0x48 Drivers/BSP/X-NUCLEO-IHMxx/x_nucleo_ihmxx.o
                0x00000000080031fc                BSP_MotorControl_Move
 .text.BSP_MotorControl_Run
                0x0000000008003244       0x48 Drivers/BSP/X-NUCLEO-IHMxx/x_nucleo_ihmxx.o
                0x0000000008003244                BSP_MotorControl_Run
 .text.BSP_MotorControl_SetAcceleration
                0x000000000800328c       0x50 Drivers/BSP/X-NUCLEO-IHMxx/x_nucleo_ihmxx.o
                0x000000000800328c                BSP_MotorControl_SetAcceleration
 .text.BSP_MotorControl_SetDeceleration
                0x00000000080032dc       0x50 Drivers/BSP/X-NUCLEO-IHMxx/x_nucleo_ihmxx.o
                0x00000000080032dc                BSP_MotorControl_SetDeceleration
 .text.BSP_MotorControl_SetHome
                0x000000000800332c       0x44 Drivers/BSP/X-NUCLEO-IHMxx/x_nucleo_ihmxx.o
                0x000000000800332c                BSP_MotorControl_SetHome
 .text.BSP_MotorControl_SetMark
                0x0000000008003370       0x44 Drivers/BSP/X-NUCLEO-IHMxx/x_nucleo_ihmxx.o
                0x0000000008003370                BSP_MotorControl_SetMark
 .text.BSP_MotorControl_SetMaxSpeed
                0x00000000080033b4       0x50 Drivers/BSP/X-NUCLEO-IHMxx/x_nucleo_ihmxx.o
                0x00000000080033b4                BSP_MotorControl_SetMaxSpeed
 .text.BSP_MotorControl_SetMinSpeed
                0x0000000008003404       0x50 Drivers/BSP/X-NUCLEO-IHMxx/x_nucleo_ihmxx.o
                0x0000000008003404                BSP_MotorControl_SetMinSpeed
 .text.BSP_MotorControl_SoftStop
                0x0000000008003454       0x48 Drivers/BSP/X-NUCLEO-IHMxx/x_nucleo_ihmxx.o
                0x0000000008003454                BSP_MotorControl_SoftStop
 .text.BSP_MotorControl_StepClockHandler
                0x000000000800349c       0x40 Drivers/BSP/X-NUCLEO-IHMxx/x_nucleo_ihmxx.o
                0x000000000800349c                BSP_MotorControl_StepClockHandler
 .text.BSP_MotorControl_WaitWhileActive
                0x00000000080034dc       0x40 Drivers/BSP/X-NUCLEO-IHMxx/x_nucleo_ihmxx.o
                0x00000000080034dc                BSP_MotorControl_WaitWhileActive
 .text.BSP_MotorControl_CmdDisable
                0x000000000800351c       0x40 Drivers/BSP/X-NUCLEO-IHMxx/x_nucleo_ihmxx.o
                0x000000000800351c                BSP_MotorControl_CmdDisable
 .text.BSP_MotorControl_CmdGetParam
                0x000000000800355c       0x50 Drivers/BSP/X-NUCLEO-IHMxx/x_nucleo_ihmxx.o
                0x000000000800355c                BSP_MotorControl_CmdGetParam
 .text.BSP_MotorControl_CmdGetStatus
                0x00000000080035ac       0x4c Drivers/BSP/X-NUCLEO-IHMxx/x_nucleo_ihmxx.o
                0x00000000080035ac                BSP_MotorControl_CmdGetStatus
 .text.BSP_MotorControl_SelectStepMode
                0x00000000080035f8       0x54 Drivers/BSP/X-NUCLEO-IHMxx/x_nucleo_ihmxx.o
                0x00000000080035f8                BSP_MotorControl_SelectStepMode
 .text.BSP_MotorControl_SetNbDevices
                0x000000000800364c      0x11c Drivers/BSP/X-NUCLEO-IHMxx/x_nucleo_ihmxx.o
                0x000000000800364c                BSP_MotorControl_SetNbDevices
 .text.SystemInit
                0x0000000008003768       0x6c Drivers/CMSIS/system_stm32f4xx.o
                0x0000000008003768                SystemInit
 .text.HAL_Init
                0x00000000080037d4       0x44 Drivers/STM32F4xx_HAL_Driver/stm32f4xx_hal.o
                0x00000000080037d4                HAL_Init
 .text.HAL_MspInit
                0x0000000008003818        0xe Drivers/STM32F4xx_HAL_Driver/stm32f4xx_hal.o
                0x0000000008003818                HAL_MspInit
 *fill*         0x0000000008003826        0x2 
 .text.HAL_InitTick
                0x0000000008003828       0x60 Drivers/STM32F4xx_HAL_Driver/stm32f4xx_hal.o
                0x0000000008003828                HAL_InitTick
 .text.HAL_IncTick
                0x0000000008003888       0x28 Drivers/STM32F4xx_HAL_Driver/stm32f4xx_hal.o
                0x0000000008003888                HAL_IncTick
 .text.HAL_GetTick
                0x00000000080038b0       0x18 Drivers/STM32F4xx_HAL_Driver/stm32f4xx_hal.o
                0x00000000080038b0                HAL_GetTick
 .text.HAL_Delay
                0x00000000080038c8       0x48 Drivers/STM32F4xx_HAL_Driver/stm32f4xx_hal.o
                0x00000000080038c8                HAL_Delay
 .text.NVIC_SetPriorityGrouping
                0x0000000008003910       0x48 Drivers/STM32F4xx_HAL_Driver/stm32f4xx_hal_cortex.o
 .text.NVIC_GetPriorityGrouping
                0x0000000008003958       0x1c Drivers/STM32F4xx_HAL_Driver/stm32f4xx_hal_cortex.o
 .text.NVIC_EnableIRQ
                0x0000000008003974       0x34 Drivers/STM32F4xx_HAL_Driver/stm32f4xx_hal_cortex.o
 .text.NVIC_SetPriority
                0x00000000080039a8       0x54 Drivers/STM32F4xx_HAL_Driver/stm32f4xx_hal_cortex.o
 .text.NVIC_EncodePriority
                0x00000000080039fc       0x66 Drivers/STM32F4xx_HAL_Driver/stm32f4xx_hal_cortex.o
 *fill*         0x0000000008003a62        0x2 
 .text.SysTick_Config
                0x0000000008003a64       0x44 Drivers/STM32F4xx_HAL_Driver/stm32f4xx_hal_cortex.o
 .text.HAL_NVIC_SetPriorityGrouping
                0x0000000008003aa8       0x16 Drivers/STM32F4xx_HAL_Driver/stm32f4xx_hal_cortex.o
                0x0000000008003aa8                HAL_NVIC_SetPriorityGrouping
 .text.HAL_NVIC_SetPriority
                0x0000000008003abe       0x38 Drivers/STM32F4xx_HAL_Driver/stm32f4xx_hal_cortex.o
                0x0000000008003abe                HAL_NVIC_SetPriority
 .text.HAL_NVIC_EnableIRQ
                0x0000000008003af6       0x1c Drivers/STM32F4xx_HAL_Driver/stm32f4xx_hal_cortex.o
                0x0000000008003af6                HAL_NVIC_EnableIRQ
 .text.HAL_SYSTICK_Config
                0x0000000008003b12       0x18 Drivers/STM32F4xx_HAL_Driver/stm32f4xx_hal_cortex.o
                0x0000000008003b12                HAL_SYSTICK_Config
 *fill*         0x0000000008003b2a        0x2 
 .text.HAL_GPIO_Init
                0x0000000008003b2c      0x308 Drivers/STM32F4xx_HAL_Driver/stm32f4xx_hal_gpio.o
                0x0000000008003b2c                HAL_GPIO_Init
 .text.HAL_GPIO_ReadPin
                0x0000000008003e34       0x30 Drivers/STM32F4xx_HAL_Driver/stm32f4xx_hal_gpio.o
                0x0000000008003e34                HAL_GPIO_ReadPin
 .text.HAL_GPIO_WritePin
                0x0000000008003e64       0x32 Drivers/STM32F4xx_HAL_Driver/stm32f4xx_hal_gpio.o
                0x0000000008003e64                HAL_GPIO_WritePin
 .text.HAL_GPIO_TogglePin
                0x0000000008003e96       0x24 Drivers/STM32F4xx_HAL_Driver/stm32f4xx_hal_gpio.o
                0x0000000008003e96                HAL_GPIO_TogglePin
 *fill*         0x0000000008003eba        0x2 
 .text.HAL_GPIO_EXTI_IRQHandler
                0x0000000008003ebc       0x30 Drivers/STM32F4xx_HAL_Driver/stm32f4xx_hal_gpio.o
                0x0000000008003ebc                HAL_GPIO_EXTI_IRQHandler
 .text.HAL_RCC_OscConfig
                0x0000000008003eec      0x484 Drivers/STM32F4xx_HAL_Driver/stm32f4xx_hal_rcc.o
                0x0000000008003eec                HAL_RCC_OscConfig
 .text.HAL_RCC_ClockConfig
                0x0000000008004370      0x1c4 Drivers/STM32F4xx_HAL_Driver/stm32f4xx_hal_rcc.o
                0x0000000008004370                HAL_RCC_ClockConfig
 .text.HAL_RCC_GetSysClockFreq
                0x0000000008004534      0x16c Drivers/STM32F4xx_HAL_Driver/stm32f4xx_hal_rcc.o
                0x0000000008004534                HAL_RCC_GetSysClockFreq
 .text.HAL_SPI_Init
                0x00000000080046a0       0xd6 Drivers/STM32F4xx_HAL_Driver/stm32f4xx_hal_spi.o
                0x00000000080046a0                HAL_SPI_Init
 .text.HAL_SPI_TransmitReceive
                0x0000000008004776      0x424 Drivers/STM32F4xx_HAL_Driver/stm32f4xx_hal_spi.o
                0x0000000008004776                HAL_SPI_TransmitReceive
 .text.SPI_WaitFlagStateUntilTimeout
                0x0000000008004b9a       0xd2 Drivers/STM32F4xx_HAL_Driver/stm32f4xx_hal_spi.o
 .text.SPI_CheckFlag_BSY
                0x0000000008004c6c       0x3c Drivers/STM32F4xx_HAL_Driver/stm32f4xx_hal_spi.o
 .text.HAL_TIM_PWM_Init
                0x0000000008004ca8       0x56 Drivers/STM32F4xx_HAL_Driver/stm32f4xx_hal_tim.o
                0x0000000008004ca8                HAL_TIM_PWM_Init
 *fill*         0x0000000008004cfe        0x2 
 .text.HAL_TIM_PWM_Stop
                0x0000000008004d00       0x98 Drivers/STM32F4xx_HAL_Driver/stm32f4xx_hal_tim.o
                0x0000000008004d00                HAL_TIM_PWM_Stop
 .text.HAL_TIM_PWM_Start_IT
                0x0000000008004d98       0xdc Drivers/STM32F4xx_HAL_Driver/stm32f4xx_hal_tim.o
                0x0000000008004d98                HAL_TIM_PWM_Start_IT
 .text.HAL_TIM_IRQHandler
                0x0000000008004e74      0x210 Drivers/STM32F4xx_HAL_Driver/stm32f4xx_hal_tim.o
                0x0000000008004e74                HAL_TIM_IRQHandler
 .text.HAL_TIM_PWM_ConfigChannel
                0x0000000008005084      0x18c Drivers/STM32F4xx_HAL_Driver/stm32f4xx_hal_tim.o
                0x0000000008005084                HAL_TIM_PWM_ConfigChannel
 .text.HAL_TIM_PeriodElapsedCallback
                0x0000000008005210       0x14 Drivers/STM32F4xx_HAL_Driver/stm32f4xx_hal_tim.o
                0x0000000008005210                HAL_TIM_PeriodElapsedCallback
 .text.HAL_TIM_OC_DelayElapsedCallback
                0x0000000008005224       0x14 Drivers/STM32F4xx_HAL_Driver/stm32f4xx_hal_tim.o
                0x0000000008005224                HAL_TIM_OC_DelayElapsedCallback
 .text.HAL_TIM_IC_CaptureCallback
                0x0000000008005238       0x14 Drivers/STM32F4xx_HAL_Driver/stm32f4xx_hal_tim.o
                0x0000000008005238                HAL_TIM_IC_CaptureCallback
 .text.HAL_TIM_TriggerCallback
                0x000000000800524c       0x14 Drivers/STM32F4xx_HAL_Driver/stm32f4xx_hal_tim.o
                0x000000000800524c                HAL_TIM_TriggerCallback
 .text.TIM_Base_SetConfig
                0x0000000008005260      0x108 Drivers/STM32F4xx_HAL_Driver/stm32f4xx_hal_tim.o
                0x0000000008005260                TIM_Base_SetConfig
 .text.TIM_OC2_SetConfig
                0x0000000008005368       0xdc Drivers/STM32F4xx_HAL_Driver/stm32f4xx_hal_tim.o
                0x0000000008005368                TIM_OC2_SetConfig
 .text.TIM_CCxChannelCmd
                0x0000000008005444       0x46 Drivers/STM32F4xx_HAL_Driver/stm32f4xx_hal_tim.o
                0x0000000008005444                TIM_CCxChannelCmd
 *fill*         0x000000000800548a        0x2 
 .text.TIM_OC1_SetConfig
                0x000000000800548c       0xd0 Drivers/STM32F4xx_HAL_Driver/stm32f4xx_hal_tim.o
 .text.TIM_OC3_SetConfig
                0x000000000800555c       0xd8 Drivers/STM32F4xx_HAL_Driver/stm32f4xx_hal_tim.o
 .text.TIM_OC4_SetConfig
                0x0000000008005634       0xac Drivers/STM32F4xx_HAL_Driver/stm32f4xx_hal_tim.o
 .text.HAL_TIMEx_MasterConfigSynchronization
                0x00000000080056e0       0x8a Drivers/STM32F4xx_HAL_Driver/stm32f4xx_hal_tim_ex.o
                0x00000000080056e0                HAL_TIMEx_MasterConfigSynchronization
 .text.HAL_TIMEx_CommutationCallback
                0x000000000800576a       0x14 Drivers/STM32F4xx_HAL_Driver/stm32f4xx_hal_tim_ex.o
                0x000000000800576a                HAL_TIMEx_CommutationCallback
 .text.HAL_TIMEx_BreakCallback
                0x000000000800577e       0x14 Drivers/STM32F4xx_HAL_Driver/stm32f4xx_hal_tim_ex.o
                0x000000000800577e                HAL_TIMEx_BreakCallback
 *fill*         0x0000000008005792        0x2 
 .text.SystemClock_Config
                0x0000000008005794       0xbc Example/User/clock_f4.o
                0x0000000008005794                SystemClock_Config
 .text.main     0x0000000008005850      0x2cc Example/User/main.o
                0x0000000008005850                main
 .text.MyFlagInterruptHandler
                0x0000000008005b1c       0x18 Example/User/main.o
 .text.Error_Handler
                0x0000000008005b34       0x18 Example/User/main.o
                0x0000000008005b34                Error_Handler
 .text.HAL_SPI_MspInit
                0x0000000008005b4c       0xe0 Example/User/stm32f4xx_hal_msp.o
                0x0000000008005b4c                HAL_SPI_MspInit
 .text.HAL_TIM_PWM_MspInit
                0x0000000008005c2c      0x128 Example/User/stm32f4xx_hal_msp.o
                0x0000000008005c2c                HAL_TIM_PWM_MspInit
 .text.HAL_TIM_PWM_PulseFinishedCallback
                0x0000000008005d54       0xa4 Example/User/stm32f4xx_hal_msp.o
                0x0000000008005d54                HAL_TIM_PWM_PulseFinishedCallback
 .text.HAL_GPIO_EXTI_Callback
                0x0000000008005df8       0x1e Example/User/stm32f4xx_hal_msp.o
                0x0000000008005df8                HAL_GPIO_EXTI_Callback
 .text.NMI_Handler
                0x0000000008005e16        0xe Example/User/stm32f4xx_it.o
                0x0000000008005e16                NMI_Handler
 .text.HardFault_Handler
                0x0000000008005e24        0x6 Example/User/stm32f4xx_it.o
                0x0000000008005e24                HardFault_Handler
 .text.MemManage_Handler
                0x0000000008005e2a        0x6 Example/User/stm32f4xx_it.o
                0x0000000008005e2a                MemManage_Handler
 .text.BusFault_Handler
                0x0000000008005e30        0x6 Example/User/stm32f4xx_it.o
                0x0000000008005e30                BusFault_Handler
 .text.UsageFault_Handler
                0x0000000008005e36        0x6 Example/User/stm32f4xx_it.o
                0x0000000008005e36                UsageFault_Handler
 .text.SVC_Handler
                0x0000000008005e3c        0xe Example/User/stm32f4xx_it.o
                0x0000000008005e3c                SVC_Handler
 .text.DebugMon_Handler
                0x0000000008005e4a        0xe Example/User/stm32f4xx_it.o
                0x0000000008005e4a                DebugMon_Handler
 .text.PendSV_Handler
                0x0000000008005e58        0xe Example/User/stm32f4xx_it.o
                0x0000000008005e58                PendSV_Handler
 .text.SysTick_Handler
                0x0000000008005e66        0xc Example/User/stm32f4xx_it.o
                0x0000000008005e66                SysTick_Handler
 .text.EXTI15_10_IRQHandler
                0x0000000008005e72       0x10 Example/User/stm32f4xx_it.o
                0x0000000008005e72                EXTI15_10_IRQHandler
 *fill*         0x0000000008005e82        0x2 
 .text.TIM2_IRQHandler
                0x0000000008005e84       0x14 Example/User/stm32f4xx_it.o
                0x0000000008005e84                TIM2_IRQHandler
 .text.TIM3_IRQHandler
                0x0000000008005e98       0x14 Example/User/stm32f4xx_it.o
                0x0000000008005e98                TIM3_IRQHandler
 .text.TIM4_IRQHandler
                0x0000000008005eac       0x14 Example/User/stm32f4xx_it.o
                0x0000000008005eac                TIM4_IRQHandler
 .text.Reset_Handler
                0x0000000008005ec0       0x50 startup/startup_stm32f401xe.o
                0x0000000008005ec0                Reset_Handler
 .text.Default_Handler
                0x0000000008005f10        0x2 startup/startup_stm32f401xe.o
                0x0000000008005f10                RTC_Alarm_IRQHandler
                0x0000000008005f10                EXTI2_IRQHandler
                0x0000000008005f10                SPI4_IRQHandler
                0x0000000008005f10                TIM1_CC_IRQHandler
                0x0000000008005f10                DMA2_Stream5_IRQHandler
                0x0000000008005f10                DMA1_Stream5_IRQHandler
                0x0000000008005f10                PVD_IRQHandler
                0x0000000008005f10                SDIO_IRQHandler
                0x0000000008005f10                TAMP_STAMP_IRQHandler
                0x0000000008005f10                EXTI3_IRQHandler
                0x0000000008005f10                TIM1_UP_TIM10_IRQHandler
                0x0000000008005f10                I2C3_ER_IRQHandler
                0x0000000008005f10                EXTI0_IRQHandler
                0x0000000008005f10                I2C2_EV_IRQHandler
                0x0000000008005f10                DMA1_Stream2_IRQHandler
                0x0000000008005f10                FPU_IRQHandler
                0x0000000008005f10                DMA2_Stream2_IRQHandler
                0x0000000008005f10                SPI1_IRQHandler
                0x0000000008005f10                TIM1_BRK_TIM9_IRQHandler
                0x0000000008005f10                DMA2_Stream3_IRQHandler
                0x0000000008005f10                USART6_IRQHandler
                0x0000000008005f10                DMA2_Stream0_IRQHandler
                0x0000000008005f10                I2C1_EV_IRQHandler
                0x0000000008005f10                DMA1_Stream6_IRQHandler
                0x0000000008005f10                DMA1_Stream1_IRQHandler
                0x0000000008005f10                RCC_IRQHandler
                0x0000000008005f10                Default_Handler
                0x0000000008005f10                ADC_IRQHandler
                0x0000000008005f10                DMA1_Stream7_IRQHandler
                0x0000000008005f10                TIM5_IRQHandler
                0x0000000008005f10                DMA2_Stream7_IRQHandler
                0x0000000008005f10                I2C3_EV_IRQHandler
                0x0000000008005f10                EXTI9_5_IRQHandler
                0x0000000008005f10                RTC_WKUP_IRQHandler
                0x0000000008005f10                SPI2_IRQHandler
                0x0000000008005f10                DMA1_Stream0_IRQHandler
                0x0000000008005f10                EXTI4_IRQHandler
                0x0000000008005f10                WWDG_IRQHandler
                0x0000000008005f10                OTG_FS_WKUP_IRQHandler
                0x0000000008005f10                TIM1_TRG_COM_TIM11_IRQHandler
                0x0000000008005f10                EXTI1_IRQHandler
                0x0000000008005f10                USART2_IRQHandler
                0x0000000008005f10                I2C2_ER_IRQHandler
                0x0000000008005f10                DMA2_Stream1_IRQHandler
                0x0000000008005f10                FLASH_IRQHandler
                0x0000000008005f10                DMA2_Stream4_IRQHandler
                0x0000000008005f10                USART1_IRQHandler
                0x0000000008005f10                OTG_FS_IRQHandler
                0x0000000008005f10                SPI3_IRQHandler
                0x0000000008005f10                DMA1_Stream4_IRQHandler
                0x0000000008005f10                I2C1_ER_IRQHandler
                0x0000000008005f10                DMA2_Stream6_IRQHandler
                0x0000000008005f10                DMA1_Stream3_IRQHandler
 *fill*         0x0000000008005f12        0x2 
 .text.__libc_init_array
                0x0000000008005f14       0x48 c:/st/stm32cubeide_1.6.0/stm32cubeide/plugins/com.st.stm32cube.ide.mcu.externaltools.gnu-tools-for-stm32.9-2020-q2-update.win32_1.5.0.202011040924/tools/bin/../lib/gcc/arm-none-eabi/9.3.1/../../../../arm-none-eabi/lib/thumb/v7e-m+fp/hard\libc_nano.a(lib_a-init.o)
                0x0000000008005f14                __libc_init_array
 *(.glue_7)
 .glue_7        0x0000000008005f5c        0x0 linker stubs
 *(.glue_7t)
 .glue_7t       0x0000000008005f5c        0x0 linker stubs
 *(.eh_frame)
 .eh_frame      0x0000000008005f5c        0x0 c:/st/stm32cubeide_1.6.0/stm32cubeide/plugins/com.st.stm32cube.ide.mcu.externaltools.gnu-tools-for-stm32.9-2020-q2-update.win32_1.5.0.202011040924/tools/bin/../lib/gcc/arm-none-eabi/9.3.1/thumb/v7e-m+fp/hard/crtbegin.o
 *(.init)
 .init          0x0000000008005f5c        0x4 c:/st/stm32cubeide_1.6.0/stm32cubeide/plugins/com.st.stm32cube.ide.mcu.externaltools.gnu-tools-for-stm32.9-2020-q2-update.win32_1.5.0.202011040924/tools/bin/../lib/gcc/arm-none-eabi/9.3.1/thumb/v7e-m+fp/hard/crti.o
                0x0000000008005f5c                _init
 .init          0x0000000008005f60        0x8 c:/st/stm32cubeide_1.6.0/stm32cubeide/plugins/com.st.stm32cube.ide.mcu.externaltools.gnu-tools-for-stm32.9-2020-q2-update.win32_1.5.0.202011040924/tools/bin/../lib/gcc/arm-none-eabi/9.3.1/thumb/v7e-m+fp/hard/crtn.o
 *(.fini)
 .fini          0x0000000008005f68        0x4 c:/st/stm32cubeide_1.6.0/stm32cubeide/plugins/com.st.stm32cube.ide.mcu.externaltools.gnu-tools-for-stm32.9-2020-q2-update.win32_1.5.0.202011040924/tools/bin/../lib/gcc/arm-none-eabi/9.3.1/thumb/v7e-m+fp/hard/crti.o
                0x0000000008005f68                _fini
 .fini          0x0000000008005f6c        0x8 c:/st/stm32cubeide_1.6.0/stm32cubeide/plugins/com.st.stm32cube.ide.mcu.externaltools.gnu-tools-for-stm32.9-2020-q2-update.win32_1.5.0.202011040924/tools/bin/../lib/gcc/arm-none-eabi/9.3.1/thumb/v7e-m+fp/hard/crtn.o
                0x0000000008005f74                . = ALIGN (0x4)
                0x0000000008005f74                _etext = .

.vfp11_veneer   0x0000000008005f74        0x0
 .vfp11_veneer  0x0000000008005f74        0x0 linker stubs

.v4_bx          0x0000000008005f74        0x0
 .v4_bx         0x0000000008005f74        0x0 linker stubs

.iplt           0x0000000008005f74        0x0
 .iplt          0x0000000008005f74        0x0 c:/st/stm32cubeide_1.6.0/stm32cubeide/plugins/com.st.stm32cube.ide.mcu.externaltools.gnu-tools-for-stm32.9-2020-q2-update.win32_1.5.0.202011040924/tools/bin/../lib/gcc/arm-none-eabi/9.3.1/thumb/v7e-m+fp/hard/crtbegin.o

.rodata         0x0000000008005f74       0x18
                0x0000000008005f74                . = ALIGN (0x4)
 *(.rodata)
 .rodata        0x0000000008005f74       0x18 Drivers/CMSIS/system_stm32f4xx.o
                0x0000000008005f74                AHBPrescTable
                0x0000000008005f84                APBPrescTable
 *(.rodata*)
                0x0000000008005f8c                . = ALIGN (0x4)

.ARM.extab
 *(.ARM.extab* .gnu.linkonce.armextab.*)

.ARM            0x0000000008005f8c        0x8
                0x0000000008005f8c                __exidx_start = .
 *(.ARM.exidx*)
 .ARM.exidx     0x0000000008005f8c        0x8 c:/st/stm32cubeide_1.6.0/stm32cubeide/plugins/com.st.stm32cube.ide.mcu.externaltools.gnu-tools-for-stm32.9-2020-q2-update.win32_1.5.0.202011040924/tools/bin/../lib/gcc/arm-none-eabi/9.3.1/thumb/v7e-m+fp/hard\libgcc.a(_udivmoddi4.o)
                0x0000000008005f94                __exidx_end = .

.rel.dyn        0x0000000008005f94        0x0
 .rel.iplt      0x0000000008005f94        0x0 c:/st/stm32cubeide_1.6.0/stm32cubeide/plugins/com.st.stm32cube.ide.mcu.externaltools.gnu-tools-for-stm32.9-2020-q2-update.win32_1.5.0.202011040924/tools/bin/../lib/gcc/arm-none-eabi/9.3.1/thumb/v7e-m+fp/hard/crtbegin.o

.preinit_array  0x0000000008005f94        0x0
                0x0000000008005f94                PROVIDE (__preinit_array_start = .)
 *(.preinit_array*)
                0x0000000008005f94                PROVIDE (__preinit_array_end = .)

.init_array     0x0000000008005f94        0x4
                0x0000000008005f94                PROVIDE (__init_array_start = .)
 *(SORT_BY_NAME(.init_array.*))
 *(.init_array*)
 .init_array    0x0000000008005f94        0x4 c:/st/stm32cubeide_1.6.0/stm32cubeide/plugins/com.st.stm32cube.ide.mcu.externaltools.gnu-tools-for-stm32.9-2020-q2-update.win32_1.5.0.202011040924/tools/bin/../lib/gcc/arm-none-eabi/9.3.1/thumb/v7e-m+fp/hard/crtbegin.o
                0x0000000008005f98                PROVIDE (__init_array_end = .)

.fini_array     0x0000000008005f98        0x4
                [!provide]                        PROVIDE (__fini_array_start = .)
 *(SORT_BY_NAME(.fini_array.*))
 *(.fini_array*)
 .fini_array    0x0000000008005f98        0x4 c:/st/stm32cubeide_1.6.0/stm32cubeide/plugins/com.st.stm32cube.ide.mcu.externaltools.gnu-tools-for-stm32.9-2020-q2-update.win32_1.5.0.202011040924/tools/bin/../lib/gcc/arm-none-eabi/9.3.1/thumb/v7e-m+fp/hard/crtbegin.o
                [!provide]                        PROVIDE (__fini_array_end = .)
                0x0000000008005f9c                _sidata = LOADADDR (.data)

.data           0x0000000020000000      0x170 load address 0x0000000008005f9c
                0x0000000020000000                . = ALIGN (0x4)
                0x0000000020000000                _sdata = .
 *(.data)
 .data          0x0000000020000000      0x164 Drivers/BSP/Components/l6474/l6474.o
                0x0000000020000000                l6474Drv
 .data          0x0000000020000164        0x4 Drivers/CMSIS/system_stm32f4xx.o
                0x0000000020000164                SystemCoreClock
 .data          0x0000000020000168        0x5 Drivers/STM32F4xx_HAL_Driver/stm32f4xx_hal.o
                0x0000000020000168                uwTickPrio
                0x000000002000016c                uwTickFreq
 *(.data*)
                0x0000000020000170                . = ALIGN (0x4)
 *fill*         0x000000002000016d        0x3 
                0x0000000020000170                _edata = .

.igot.plt       0x0000000020000170        0x0 load address 0x000000000800610c
 .igot.plt      0x0000000020000170        0x0 c:/st/stm32cubeide_1.6.0/stm32cubeide/plugins/com.st.stm32cube.ide.mcu.externaltools.gnu-tools-for-stm32.9-2020-q2-update.win32_1.5.0.202011040924/tools/bin/../lib/gcc/arm-none-eabi/9.3.1/thumb/v7e-m+fp/hard/crtbegin.o
                0x0000000020000170                . = ALIGN (0x4)

.bss            0x0000000020000170      0x1d4 load address 0x000000000800610c
                0x0000000020000170                _sbss = .
                0x0000000020000170                __bss_start__ = _sbss
 *(.bss)
 .bss           0x0000000020000170       0x1c c:/st/stm32cubeide_1.6.0/stm32cubeide/plugins/com.st.stm32cube.ide.mcu.externaltools.gnu-tools-for-stm32.9-2020-q2-update.win32_1.5.0.202011040924/tools/bin/../lib/gcc/arm-none-eabi/9.3.1/thumb/v7e-m+fp/hard/crtbegin.o
 .bss           0x000000002000018c       0x20 Drivers/BSP/Components/l6474/l6474.o
 .bss           0x00000000200001ac       0x58 Drivers/BSP/STM32F4xx-Nucleo/x_nucleo_ihm01a1_stm32f4xx.o
 .bss           0x0000000020000204        0x6 Drivers/BSP/X-NUCLEO-IHMxx/x_nucleo_ihmxx.o
 .bss           0x000000002000020a        0x2 Example/User/main.o
 *(.bss*)
 *(COMMON)
 COMMON         0x000000002000020c       0x80 Drivers/BSP/Components/l6474/l6474.o
                0x000000002000020c                devicePrm
                0x0000000020000284                errorHandlerCallback
                0x0000000020000288                flagInterruptCallback
 COMMON         0x000000002000028c       0xb4 Drivers/BSP/STM32F4xx-Nucleo/x_nucleo_ihm01a1_stm32f4xx.o
                0x000000002000028c                hTimPwm1
                0x00000000200002c8                hTimPwm3
                0x0000000020000304                hTimPwm2
 COMMON         0x0000000020000340        0x4 Drivers/STM32F4xx_HAL_Driver/stm32f4xx_hal.o
                0x0000000020000340                uwTick
                0x0000000020000344                . = ALIGN (0x4)
                0x0000000020000344                _ebss = .
                0x0000000020000344                __bss_end__ = _ebss

._user_heap_stack
                0x0000000020000344      0x604 load address 0x000000000800610c
                0x0000000020000348                . = ALIGN (0x8)
 *fill*         0x0000000020000344        0x4 
                [!provide]                        PROVIDE (end = .)
                [!provide]                        PROVIDE (_end = .)
                0x0000000020000548                . = (. + _Min_Heap_Size)
 *fill*         0x0000000020000348      0x200 
                0x0000000020000948                . = (. + _Min_Stack_Size)
 *fill*         0x0000000020000548      0x400 
                0x0000000020000948                . = ALIGN (0x8)

/DISCARD/
 libc.a(*)
 libm.a(*)
 libgcc.a(*)

.ARM.attributes
                0x0000000000000000       0x30
 *(.ARM.attributes)
 .ARM.attributes
                0x0000000000000000       0x1e c:/st/stm32cubeide_1.6.0/stm32cubeide/plugins/com.st.stm32cube.ide.mcu.externaltools.gnu-tools-for-stm32.9-2020-q2-update.win32_1.5.0.202011040924/tools/bin/../lib/gcc/arm-none-eabi/9.3.1/thumb/v7e-m+fp/hard/crti.o
 .ARM.attributes
                0x000000000000001e       0x34 c:/st/stm32cubeide_1.6.0/stm32cubeide/plugins/com.st.stm32cube.ide.mcu.externaltools.gnu-tools-for-stm32.9-2020-q2-update.win32_1.5.0.202011040924/tools/bin/../lib/gcc/arm-none-eabi/9.3.1/thumb/v7e-m+fp/hard/crtbegin.o
 .ARM.attributes
                0x0000000000000052       0x34 Drivers/BSP/Components/l6474/l6474.o
 .ARM.attributes
                0x0000000000000086       0x34 Drivers/BSP/STM32F4xx-Nucleo/x_nucleo_ihm01a1_stm32f4xx.o
 .ARM.attributes
                0x00000000000000ba       0x34 Drivers/BSP/X-NUCLEO-IHMxx/x_nucleo_ihmxx.o
 .ARM.attributes
                0x00000000000000ee       0x34 Drivers/CMSIS/system_stm32f4xx.o
 .ARM.attributes
                0x0000000000000122       0x34 Drivers/STM32F4xx_HAL_Driver/stm32f4xx_hal.o
 .ARM.attributes
                0x0000000000000156       0x34 Drivers/STM32F4xx_HAL_Driver/stm32f4xx_hal_cortex.o
 .ARM.attributes
                0x000000000000018a       0x34 Drivers/STM32F4xx_HAL_Driver/stm32f4xx_hal_gpio.o
 .ARM.attributes
                0x00000000000001be       0x34 Drivers/STM32F4xx_HAL_Driver/stm32f4xx_hal_rcc.o
 .ARM.attributes
                0x00000000000001f2       0x34 Drivers/STM32F4xx_HAL_Driver/stm32f4xx_hal_spi.o
 .ARM.attributes
                0x0000000000000226       0x34 Drivers/STM32F4xx_HAL_Driver/stm32f4xx_hal_tim.o
 .ARM.attributes
                0x000000000000025a       0x34 Drivers/STM32F4xx_HAL_Driver/stm32f4xx_hal_tim_ex.o
 .ARM.attributes
                0x000000000000028e       0x34 Example/User/clock_f4.o
 .ARM.attributes
                0x00000000000002c2       0x34 Example/User/main.o
 .ARM.attributes
                0x00000000000002f6       0x34 Example/User/stm32f4xx_hal_msp.o
 .ARM.attributes
                0x000000000000032a       0x34 Example/User/stm32f4xx_it.o
 .ARM.attributes
                0x000000000000035e       0x21 startup/startup_stm32f401xe.o
 .ARM.attributes
                0x000000000000037f       0x34 c:/st/stm32cubeide_1.6.0/stm32cubeide/plugins/com.st.stm32cube.ide.mcu.externaltools.gnu-tools-for-stm32.9-2020-q2-update.win32_1.5.0.202011040924/tools/bin/../lib/gcc/arm-none-eabi/9.3.1/../../../../arm-none-eabi/lib/thumb/v7e-m+fp/hard\libc_nano.a(lib_a-init.o)
 .ARM.attributes
                0x00000000000003b3       0x1e c:/st/stm32cubeide_1.6.0/stm32cubeide/plugins/com.st.stm32cube.ide.mcu.externaltools.gnu-tools-for-stm32.9-2020-q2-update.win32_1.5.0.202011040924/tools/bin/../lib/gcc/arm-none-eabi/9.3.1/thumb/v7e-m+fp/hard\libgcc.a(_aeabi_uldivmod.o)
 .ARM.attributes
                0x00000000000003d1       0x34 c:/st/stm32cubeide_1.6.0/stm32cubeide/plugins/com.st.stm32cube.ide.mcu.externaltools.gnu-tools-for-stm32.9-2020-q2-update.win32_1.5.0.202011040924/tools/bin/../lib/gcc/arm-none-eabi/9.3.1/thumb/v7e-m+fp/hard\libgcc.a(_udivmoddi4.o)
 .ARM.attributes
                0x0000000000000405       0x1e c:/st/stm32cubeide_1.6.0/stm32cubeide/plugins/com.st.stm32cube.ide.mcu.externaltools.gnu-tools-for-stm32.9-2020-q2-update.win32_1.5.0.202011040924/tools/bin/../lib/gcc/arm-none-eabi/9.3.1/thumb/v7e-m+fp/hard\libgcc.a(_dvmd_tls.o)
 .ARM.attributes
                0x0000000000000423       0x1e c:/st/stm32cubeide_1.6.0/stm32cubeide/plugins/com.st.stm32cube.ide.mcu.externaltools.gnu-tools-for-stm32.9-2020-q2-update.win32_1.5.0.202011040924/tools/bin/../lib/gcc/arm-none-eabi/9.3.1/thumb/v7e-m+fp/hard/crtn.o
OUTPUT(STM32F401RE-Nucleo.elf elf32-littlearm)
LOAD linker stubs
LOAD c:/st/stm32cubeide_1.6.0/stm32cubeide/plugins/com.st.stm32cube.ide.mcu.externaltools.gnu-tools-for-stm32.9-2020-q2-update.win32_1.5.0.202011040924/tools/bin/../lib/gcc/arm-none-eabi/9.3.1/../../../../arm-none-eabi/lib/thumb/v7e-m+fp/hard\libc.a
LOAD c:/st/stm32cubeide_1.6.0/stm32cubeide/plugins/com.st.stm32cube.ide.mcu.externaltools.gnu-tools-for-stm32.9-2020-q2-update.win32_1.5.0.202011040924/tools/bin/../lib/gcc/arm-none-eabi/9.3.1/../../../../arm-none-eabi/lib/thumb/v7e-m+fp/hard\libm.a
LOAD c:/st/stm32cubeide_1.6.0/stm32cubeide/plugins/com.st.stm32cube.ide.mcu.externaltools.gnu-tools-for-stm32.9-2020-q2-update.win32_1.5.0.202011040924/tools/bin/../lib/gcc/arm-none-eabi/9.3.1/thumb/v7e-m+fp/hard\libgcc.a

.debug_info     0x0000000000000000    0x160fb
 .debug_info    0x0000000000000000     0x2347 Drivers/BSP/Components/l6474/l6474.o
 .debug_info    0x0000000000002347     0x1ac9 Drivers/BSP/STM32F4xx-Nucleo/x_nucleo_ihm01a1_stm32f4xx.o
 .debug_info    0x0000000000003e10     0x1e39 Drivers/BSP/X-NUCLEO-IHMxx/x_nucleo_ihmxx.o
 .debug_info    0x0000000000005c49      0xe1b Drivers/CMSIS/system_stm32f4xx.o
 .debug_info    0x0000000000006a64     0x11a7 Drivers/STM32F4xx_HAL_Driver/stm32f4xx_hal.o
 .debug_info    0x0000000000007c0b     0x1685 Drivers/STM32F4xx_HAL_Driver/stm32f4xx_hal_cortex.o
 .debug_info    0x0000000000009290     0x10a3 Drivers/STM32F4xx_HAL_Driver/stm32f4xx_hal_gpio.o
 .debug_info    0x000000000000a333     0x11fe Drivers/STM32F4xx_HAL_Driver/stm32f4xx_hal_rcc.o
 .debug_info    0x000000000000b531     0x2007 Drivers/STM32F4xx_HAL_Driver/stm32f4xx_hal_spi.o
 .debug_info    0x000000000000d538     0x2c7e Drivers/STM32F4xx_HAL_Driver/stm32f4xx_hal_tim.o
 .debug_info    0x00000000000101b6     0x194c Drivers/STM32F4xx_HAL_Driver/stm32f4xx_hal_tim_ex.o
 .debug_info    0x0000000000011b02      0xdb9 Example/User/clock_f4.o
 .debug_info    0x00000000000128bb      0xfeb Example/User/main.o
 .debug_info    0x00000000000138a6     0x1838 Example/User/stm32f4xx_hal_msp.o
 .debug_info    0x00000000000150de      0xffb Example/User/stm32f4xx_it.o
 .debug_info    0x00000000000160d9       0x22 startup/startup_stm32f401xe.o

.debug_abbrev   0x0000000000000000     0x2742
 .debug_abbrev  0x0000000000000000      0x2b4 Drivers/BSP/Components/l6474/l6474.o
 .debug_abbrev  0x00000000000002b4      0x2d8 Drivers/BSP/STM32F4xx-Nucleo/x_nucleo_ihm01a1_stm32f4xx.o
 .debug_abbrev  0x000000000000058c      0x24c Drivers/BSP/X-NUCLEO-IHMxx/x_nucleo_ihmxx.o
 .debug_abbrev  0x00000000000007d8      0x1f7 Drivers/CMSIS/system_stm32f4xx.o
 .debug_abbrev  0x00000000000009cf      0x2bd Drivers/STM32F4xx_HAL_Driver/stm32f4xx_hal.o
 .debug_abbrev  0x0000000000000c8c      0x3c4 Drivers/STM32F4xx_HAL_Driver/stm32f4xx_hal_cortex.o
 .debug_abbrev  0x0000000000001050      0x285 Drivers/STM32F4xx_HAL_Driver/stm32f4xx_hal_gpio.o
 .debug_abbrev  0x00000000000012d5      0x309 Drivers/STM32F4xx_HAL_Driver/stm32f4xx_hal_rcc.o
 .debug_abbrev  0x00000000000015de      0x2eb Drivers/STM32F4xx_HAL_Driver/stm32f4xx_hal_spi.o
 .debug_abbrev  0x00000000000018c9      0x2ee Drivers/STM32F4xx_HAL_Driver/stm32f4xx_hal_tim.o
 .debug_abbrev  0x0000000000001bb7      0x2c9 Drivers/STM32F4xx_HAL_Driver/stm32f4xx_hal_tim_ex.o
 .debug_abbrev  0x0000000000001e80      0x1eb Example/User/clock_f4.o
 .debug_abbrev  0x000000000000206b      0x271 Example/User/main.o
 .debug_abbrev  0x00000000000022dc      0x261 Example/User/stm32f4xx_hal_msp.o
 .debug_abbrev  0x000000000000253d      0x1f3 Example/User/stm32f4xx_it.o
 .debug_abbrev  0x0000000000002730       0x12 startup/startup_stm32f401xe.o

.debug_aranges  0x0000000000000000     0x10b0
 .debug_aranges
                0x0000000000000000      0x238 Drivers/BSP/Components/l6474/l6474.o
 .debug_aranges
                0x0000000000000238       0x88 Drivers/BSP/STM32F4xx-Nucleo/x_nucleo_ihm01a1_stm32f4xx.o
 .debug_aranges
                0x00000000000002c0      0x320 Drivers/BSP/X-NUCLEO-IHMxx/x_nucleo_ihmxx.o
 .debug_aranges
                0x00000000000005e0       0x28 Drivers/CMSIS/system_stm32f4xx.o
 .debug_aranges
                0x0000000000000608       0xe0 Drivers/STM32F4xx_HAL_Driver/stm32f4xx_hal.o
 .debug_aranges
                0x00000000000006e8      0x118 Drivers/STM32F4xx_HAL_Driver/stm32f4xx_hal_cortex.o
 .debug_aranges
                0x0000000000000800       0x58 Drivers/STM32F4xx_HAL_Driver/stm32f4xx_hal_gpio.o
 .debug_aranges
                0x0000000000000858       0x88 Drivers/STM32F4xx_HAL_Driver/stm32f4xx_hal_rcc.o
 .debug_aranges
                0x00000000000008e0      0x1e8 Drivers/STM32F4xx_HAL_Driver/stm32f4xx_hal_spi.o
 .debug_aranges
                0x0000000000000ac8      0x368 Drivers/STM32F4xx_HAL_Driver/stm32f4xx_hal_tim.o
 .debug_aranges
                0x0000000000000e30      0x140 Drivers/STM32F4xx_HAL_Driver/stm32f4xx_hal_tim_ex.o
 .debug_aranges
                0x0000000000000f70       0x20 Example/User/clock_f4.o
 .debug_aranges
                0x0000000000000f90       0x30 Example/User/main.o
 .debug_aranges
                0x0000000000000fc0       0x48 Example/User/stm32f4xx_hal_msp.o
 .debug_aranges
                0x0000000000001008       0x80 Example/User/stm32f4xx_it.o
 .debug_aranges
                0x0000000000001088       0x28 startup/startup_stm32f401xe.o

.debug_ranges   0x0000000000000000     0x1000
 .debug_ranges  0x0000000000000000      0x270 Drivers/BSP/Components/l6474/l6474.o
 .debug_ranges  0x0000000000000270       0x78 Drivers/BSP/STM32F4xx-Nucleo/x_nucleo_ihm01a1_stm32f4xx.o
 .debug_ranges  0x00000000000002e8      0x310 Drivers/BSP/X-NUCLEO-IHMxx/x_nucleo_ihmxx.o
 .debug_ranges  0x00000000000005f8       0x18 Drivers/CMSIS/system_stm32f4xx.o
 .debug_ranges  0x0000000000000610       0xd0 Drivers/STM32F4xx_HAL_Driver/stm32f4xx_hal.o
 .debug_ranges  0x00000000000006e0      0x108 Drivers/STM32F4xx_HAL_Driver/stm32f4xx_hal_cortex.o
 .debug_ranges  0x00000000000007e8       0x48 Drivers/STM32F4xx_HAL_Driver/stm32f4xx_hal_gpio.o
 .debug_ranges  0x0000000000000830       0x78 Drivers/STM32F4xx_HAL_Driver/stm32f4xx_hal_rcc.o
 .debug_ranges  0x00000000000008a8      0x1d8 Drivers/STM32F4xx_HAL_Driver/stm32f4xx_hal_spi.o
 .debug_ranges  0x0000000000000a80      0x358 Drivers/STM32F4xx_HAL_Driver/stm32f4xx_hal_tim.o
 .debug_ranges  0x0000000000000dd8      0x130 Drivers/STM32F4xx_HAL_Driver/stm32f4xx_hal_tim_ex.o
 .debug_ranges  0x0000000000000f08       0x10 Example/User/clock_f4.o
 .debug_ranges  0x0000000000000f18       0x20 Example/User/main.o
 .debug_ranges  0x0000000000000f38       0x38 Example/User/stm32f4xx_hal_msp.o
 .debug_ranges  0x0000000000000f70       0x70 Example/User/stm32f4xx_it.o
 .debug_ranges  0x0000000000000fe0       0x20 startup/startup_stm32f401xe.o

.debug_macro    0x0000000000000000     0x40d2
 .debug_macro   0x0000000000000000       0xa8 Drivers/BSP/Components/l6474/l6474.o
 .debug_macro   0x00000000000000a8      0xac6 Drivers/BSP/Components/l6474/l6474.o
 .debug_macro   0x0000000000000b6e      0x187 Drivers/BSP/Components/l6474/l6474.o
 .debug_macro   0x0000000000000cf5       0x22 Drivers/BSP/Components/l6474/l6474.o
 .debug_macro   0x0000000000000d17       0x8e Drivers/BSP/Components/l6474/l6474.o
 .debug_macro   0x0000000000000da5       0x51 Drivers/BSP/Components/l6474/l6474.o
 .debug_macro   0x0000000000000df6      0x103 Drivers/BSP/Components/l6474/l6474.o
 .debug_macro   0x0000000000000ef9       0x6a Drivers/BSP/Components/l6474/l6474.o
 .debug_macro   0x0000000000000f63      0x1df Drivers/BSP/Components/l6474/l6474.o
 .debug_macro   0x0000000000001142       0x10 Drivers/BSP/Components/l6474/l6474.o
 .debug_macro   0x0000000000001152       0x4c Drivers/BSP/Components/l6474/l6474.o
 .debug_macro   0x000000000000119e      0x363 Drivers/BSP/STM32F4xx-Nucleo/x_nucleo_ihm01a1_stm32f4xx.o
 .debug_macro   0x0000000000001501      0x187 Drivers/BSP/STM32F4xx-Nucleo/x_nucleo_ihm01a1_stm32f4xx.o
 .debug_macro   0x0000000000001688       0x87 Drivers/BSP/X-NUCLEO-IHMxx/x_nucleo_ihmxx.o
 .debug_macro   0x000000000000170f       0x58 Drivers/BSP/X-NUCLEO-IHMxx/x_nucleo_ihmxx.o
 .debug_macro   0x0000000000001767      0x33f Drivers/CMSIS/system_stm32f4xx.o
 .debug_macro   0x0000000000001aa6      0x399 Drivers/STM32F4xx_HAL_Driver/stm32f4xx_hal.o
 .debug_macro   0x0000000000001e3f      0x339 Drivers/STM32F4xx_HAL_Driver/stm32f4xx_hal_cortex.o
 .debug_macro   0x0000000000002178      0x371 Drivers/STM32F4xx_HAL_Driver/stm32f4xx_hal_gpio.o
 .debug_macro   0x00000000000024e9      0x35d Drivers/STM32F4xx_HAL_Driver/stm32f4xx_hal_rcc.o
 .debug_macro   0x0000000000002846      0x341 Drivers/STM32F4xx_HAL_Driver/stm32f4xx_hal_spi.o
 .debug_macro   0x0000000000002b87      0x339 Drivers/STM32F4xx_HAL_Driver/stm32f4xx_hal_tim.o
 .debug_macro   0x0000000000002ec0      0x339 Drivers/STM32F4xx_HAL_Driver/stm32f4xx_hal_tim_ex.o
 .debug_macro   0x00000000000031f9      0x391 Example/User/clock_f4.o
 .debug_macro   0x000000000000358a       0x3b Example/User/clock_f4.o
 .debug_macro   0x00000000000035c5       0x50 Example/User/clock_f4.o
 .debug_macro   0x0000000000003615      0x391 Example/User/main.o
 .debug_macro   0x00000000000039a6      0x391 Example/User/stm32f4xx_hal_msp.o
 .debug_macro   0x0000000000003d37      0x39b Example/User/stm32f4xx_it.o

.debug_line     0x0000000000000000    0x10629
 .debug_line    0x0000000000000000     0x1471 Drivers/BSP/Components/l6474/l6474.o
 .debug_line    0x0000000000001471      0xc85 Drivers/BSP/STM32F4xx-Nucleo/x_nucleo_ihm01a1_stm32f4xx.o
 .debug_line    0x00000000000020f6     0x1783 Drivers/BSP/X-NUCLEO-IHMxx/x_nucleo_ihmxx.o
 .debug_line    0x0000000000003879      0xa47 Drivers/CMSIS/system_stm32f4xx.o
 .debug_line    0x00000000000042c0      0xc36 Drivers/STM32F4xx_HAL_Driver/stm32f4xx_hal.o
 .debug_line    0x0000000000004ef6      0xee8 Drivers/STM32F4xx_HAL_Driver/stm32f4xx_hal_cortex.o
 .debug_line    0x0000000000005dde      0xd88 Drivers/STM32F4xx_HAL_Driver/stm32f4xx_hal_gpio.o
 .debug_line    0x0000000000006b66      0xf6d Drivers/STM32F4xx_HAL_Driver/stm32f4xx_hal_rcc.o
 .debug_line    0x0000000000007ad3     0x1fda Drivers/STM32F4xx_HAL_Driver/stm32f4xx_hal_spi.o
 .debug_line    0x0000000000009aad     0x2807 Drivers/STM32F4xx_HAL_Driver/stm32f4xx_hal_tim.o
 .debug_line    0x000000000000c2b4     0x138f Drivers/STM32F4xx_HAL_Driver/stm32f4xx_hal_tim_ex.o
 .debug_line    0x000000000000d643      0xb1a Example/User/clock_f4.o
 .debug_line    0x000000000000e15d      0xbc3 Example/User/main.o
 .debug_line    0x000000000000ed20      0xc7b Example/User/stm32f4xx_hal_msp.o
 .debug_line    0x000000000000f99b      0xc0f Example/User/stm32f4xx_it.o
 .debug_line    0x00000000000105aa       0x7f startup/startup_stm32f401xe.o

.debug_str      0x0000000000000000    0x8fd70
 .debug_str     0x0000000000000000     0x6787 Drivers/BSP/Components/l6474/l6474.o
                                       0x6de4 (size before relaxing)
 .debug_str     0x0000000000006787    0x8585f Drivers/BSP/STM32F4xx-Nucleo/x_nucleo_ihm01a1_stm32f4xx.o
                                      0x898b1 (size before relaxing)
 .debug_str     0x000000000008bfe6      0xf24 Drivers/BSP/X-NUCLEO-IHMxx/x_nucleo_ihmxx.o
                                       0x5547 (size before relaxing)
 .debug_str     0x000000000008cf0a      0x158 Drivers/CMSIS/system_stm32f4xx.o
                                      0x87697 (size before relaxing)
 .debug_str     0x000000000008d062      0x639 Drivers/STM32F4xx_HAL_Driver/stm32f4xx_hal.o
                                      0x88020 (size before relaxing)
 .debug_str     0x000000000008d69b      0x3f9 Drivers/STM32F4xx_HAL_Driver/stm32f4xx_hal_cortex.o
                                      0x87d95 (size before relaxing)
 .debug_str     0x000000000008da94      0x258 Drivers/STM32F4xx_HAL_Driver/stm32f4xx_hal_gpio.o
                                      0x8789c (size before relaxing)
 .debug_str     0x000000000008dcec      0x3bd Drivers/STM32F4xx_HAL_Driver/stm32f4xx_hal_rcc.o
                                      0x87a3f (size before relaxing)
 .debug_str     0x000000000008e0a9      0x5d1 Drivers/STM32F4xx_HAL_Driver/stm32f4xx_hal_spi.o
                                      0x87ea4 (size before relaxing)
 .debug_str     0x000000000008e67a      0xcd2 Drivers/STM32F4xx_HAL_Driver/stm32f4xx_hal_tim.o
                                      0x8863d (size before relaxing)
 .debug_str     0x000000000008f34c      0x53a Drivers/STM32F4xx_HAL_Driver/stm32f4xx_hal_tim_ex.o
                                      0x87ef8 (size before relaxing)
 .debug_str     0x000000000008f886       0xc8 Example/User/clock_f4.o
                                      0x89ead (size before relaxing)
 .debug_str     0x000000000008f94e      0x1a0 Example/User/main.o
                                      0x8a9af (size before relaxing)
 .debug_str     0x000000000008faee       0xbd Example/User/stm32f4xx_hal_msp.o
                                      0x8a882 (size before relaxing)
 .debug_str     0x000000000008fbab      0x196 Example/User/stm32f4xx_it.o
                                      0x8a16c (size before relaxing)
 .debug_str     0x000000000008fd41       0x2f startup/startup_stm32f401xe.o
                                         0xed (size before relaxing)

.comment        0x0000000000000000       0x53
 .comment       0x0000000000000000       0x53 Drivers/BSP/Components/l6474/l6474.o
                                         0x54 (size before relaxing)
 .comment       0x0000000000000053       0x54 Drivers/BSP/STM32F4xx-Nucleo/x_nucleo_ihm01a1_stm32f4xx.o
 .comment       0x0000000000000053       0x54 Drivers/BSP/X-NUCLEO-IHMxx/x_nucleo_ihmxx.o
 .comment       0x0000000000000053       0x54 Drivers/CMSIS/system_stm32f4xx.o
 .comment       0x0000000000000053       0x54 Drivers/STM32F4xx_HAL_Driver/stm32f4xx_hal.o
 .comment       0x0000000000000053       0x54 Drivers/STM32F4xx_HAL_Driver/stm32f4xx_hal_cortex.o
 .comment       0x0000000000000053       0x54 Drivers/STM32F4xx_HAL_Driver/stm32f4xx_hal_gpio.o
 .comment       0x0000000000000053       0x54 Drivers/STM32F4xx_HAL_Driver/stm32f4xx_hal_rcc.o
 .comment       0x0000000000000053       0x54 Drivers/STM32F4xx_HAL_Driver/stm32f4xx_hal_spi.o
 .comment       0x0000000000000053       0x54 Drivers/STM32F4xx_HAL_Driver/stm32f4xx_hal_tim.o
 .comment       0x0000000000000053       0x54 Drivers/STM32F4xx_HAL_Driver/stm32f4xx_hal_tim_ex.o
 .comment       0x0000000000000053       0x54 Example/User/clock_f4.o
 .comment       0x0000000000000053       0x54 Example/User/main.o
 .comment       0x0000000000000053       0x54 Example/User/stm32f4xx_hal_msp.o
 .comment       0x0000000000000053       0x54 Example/User/stm32f4xx_it.o

.debug_frame    0x0000000000000000     0x4608
 .debug_frame   0x0000000000000000      0x9f8 Drivers/BSP/Components/l6474/l6474.o
 .debug_frame   0x00000000000009f8      0x200 Drivers/BSP/STM32F4xx-Nucleo/x_nucleo_ihm01a1_stm32f4xx.o
 .debug_frame   0x0000000000000bf8      0xd5c Drivers/BSP/X-NUCLEO-IHMxx/x_nucleo_ihmxx.o
 .debug_frame   0x0000000000001954       0x58 Drivers/CMSIS/system_stm32f4xx.o
 .debug_frame   0x00000000000019ac      0x33c Drivers/STM32F4xx_HAL_Driver/stm32f4xx_hal.o
 .debug_frame   0x0000000000001ce8      0x498 Drivers/STM32F4xx_HAL_Driver/stm32f4xx_hal_cortex.o
 .debug_frame   0x0000000000002180      0x14c Drivers/STM32F4xx_HAL_Driver/stm32f4xx_hal_gpio.o
 .debug_frame   0x00000000000022cc      0x1ec Drivers/STM32F4xx_HAL_Driver/stm32f4xx_hal_rcc.o
 .debug_frame   0x00000000000024b8      0x894 Drivers/STM32F4xx_HAL_Driver/stm32f4xx_hal_spi.o
 .debug_frame   0x0000000000002d4c      0xfb4 Drivers/STM32F4xx_HAL_Driver/stm32f4xx_hal_tim.o
 .debug_frame   0x0000000000003d00      0x574 Drivers/STM32F4xx_HAL_Driver/stm32f4xx_hal_tim_ex.o
 .debug_frame   0x0000000000004274       0x34 Example/User/clock_f4.o
 .debug_frame   0x00000000000042a8       0x70 Example/User/main.o
 .debug_frame   0x0000000000004318       0xe8 Example/User/stm32f4xx_hal_msp.o
 .debug_frame   0x0000000000004400      0x17c Example/User/stm32f4xx_it.o
 .debug_frame   0x000000000000457c       0x2c c:/st/stm32cubeide_1.6.0/stm32cubeide/plugins/com.st.stm32cube.ide.mcu.externaltools.gnu-tools-for-stm32.9-2020-q2-update.win32_1.5.0.202011040924/tools/bin/../lib/gcc/arm-none-eabi/9.3.1/../../../../arm-none-eabi/lib/thumb/v7e-m+fp/hard\libc_nano.a(lib_a-init.o)
 .debug_frame   0x00000000000045a8       0x2c c:/st/stm32cubeide_1.6.0/stm32cubeide/plugins/com.st.stm32cube.ide.mcu.externaltools.gnu-tools-for-stm32.9-2020-q2-update.win32_1.5.0.202011040924/tools/bin/../lib/gcc/arm-none-eabi/9.3.1/thumb/v7e-m+fp/hard\libgcc.a(_aeabi_uldivmod.o)
 .debug_frame   0x00000000000045d4       0x34 c:/st/stm32cubeide_1.6.0/stm32cubeide/plugins/com.st.stm32cube.ide.mcu.externaltools.gnu-tools-for-stm32.9-2020-q2-update.win32_1.5.0.202011040924/tools/bin/../lib/gcc/arm-none-eabi/9.3.1/thumb/v7e-m+fp/hard\libgcc.a(_udivmoddi4.o)
